2026-09-01;09:14;mdidech;LECTURE;rapport.txt;OK
2026-09-01;09:15;mdidech;ECRITURE;rapport.txt;REFUSE
2026-09-01;09:20;sara;LECTURE;config.txt;OK
2026-09-01;10:02;abdelaziz;SUPPRESSION;aziz.txt;REFUSE
2026-09-01;10:30;sara;LECTURE;hero.txt;OK
2026-09-01;11:00;mdidech;LECTURE;kacimi.txt;OK
2026-09-21;16:05;badr;LECTURE;tyler.c;OK
2026-09-21;16:06;Lahcen;LECTURE;tyler.c;OK
2026-09-21;16:26;badr;LECTURE;java.css;OK
2026-09-21;17:04;mustafa;LECTURE;xyz.xyz;OK
2026-09-21;17:05;mustafa;LECTURE;xyz.xyz;OK
2026-09-21;17:06;badr;LECTURE;xyz.xyz;OK
2026-09-21;17:06;badr;LECTURE;xyz.xyz;OK
2026-09-21;17:09;badr;LECTURE;mine.c;OK
2026-09-22;12:32;badr;LECTURE;test.java;OK
2026-09-22;12:33;badr;LECTURE;badr.js;OK
2026-09-22;12:45;badr;LECTURE;badr.js;OK
2026-09-22;12:45;badr;LECTURE;test.java;REFUSE
2026-09-22;12:47;badr;LECTURE;badr.js;OK
2026-09-22;13:18;badr;LECTURE;badr.js;OK
2026-09-22;13:18;badr;LECTURE;test.java;REFUSE
2026-09-22;13:18;badr;ECRITURE;badr.js;OK
2026-09-22;13:19;badr;ECRITURE;test.java;REFUSE
